###############################################################################
#
# IAR ELF Linker V7.20.5.7591/W32 for ARM                 07/Sep/2018  16:09:59
# Copyright 2007-2014 IAR Systems AB.
#
#    Output file  =  C:\Users\Игорь\Documents\XCUBE\333\EWARM\333\Exe\333.out
#    Map file     =  C:\Users\Игорь\Documents\XCUBE\333\EWARM\333/List\333.map
#    Command line =  
#        C:\Users\Игорь\Documents\XCUBE\333\EWARM\333\Obj\main.o
#        C:\Users\Игорь\Documents\XCUBE\333\EWARM\333\Obj\sht10.o
#        C:\Users\Игорь\Documents\XCUBE\333\EWARM\333\Obj\startup_stm32f100xb.o
#        C:\Users\Игорь\Documents\XCUBE\333\EWARM\333\Obj\stm32f1xx_hal.o
#        C:\Users\Игорь\Documents\XCUBE\333\EWARM\333\Obj\stm32f1xx_hal_cortex.o
#        C:\Users\Игорь\Documents\XCUBE\333\EWARM\333\Obj\stm32f1xx_hal_dma.o
#        C:\Users\Игорь\Documents\XCUBE\333\EWARM\333\Obj\stm32f1xx_hal_flash.o
#        C:\Users\Игорь\Documents\XCUBE\333\EWARM\333\Obj\stm32f1xx_hal_flash_ex.o
#        C:\Users\Игорь\Documents\XCUBE\333\EWARM\333\Obj\stm32f1xx_hal_gpio.o
#        C:\Users\Игорь\Documents\XCUBE\333\EWARM\333\Obj\stm32f1xx_hal_gpio_ex.o
#        C:\Users\Игорь\Documents\XCUBE\333\EWARM\333\Obj\stm32f1xx_hal_i2c.o
#        C:\Users\Игорь\Documents\XCUBE\333\EWARM\333\Obj\stm32f1xx_hal_msp.o
#        C:\Users\Игорь\Documents\XCUBE\333\EWARM\333\Obj\stm32f1xx_hal_pwr.o
#        C:\Users\Игорь\Documents\XCUBE\333\EWARM\333\Obj\stm32f1xx_hal_rcc.o
#        C:\Users\Игорь\Documents\XCUBE\333\EWARM\333\Obj\stm32f1xx_hal_rcc_ex.o
#        C:\Users\Игорь\Documents\XCUBE\333\EWARM\333\Obj\stm32f1xx_hal_tim.o
#        C:\Users\Игорь\Documents\XCUBE\333\EWARM\333\Obj\stm32f1xx_hal_tim_ex.o
#        C:\Users\Игорь\Documents\XCUBE\333\EWARM\333\Obj\stm32f1xx_hal_uart.o
#        C:\Users\Игорь\Documents\XCUBE\333\EWARM\333\Obj\stm32f1xx_it.o
#        C:\Users\Игорь\Documents\XCUBE\333\EWARM\333\Obj\system_stm32f1xx.o
#        --redirect _Printf=_PrintfFull --redirect _Scanf=_ScanfFull -o
#        C:\Users\Игорь\Documents\XCUBE\333\EWARM\333\Exe\333.out --map
#        C:\Users\Игорь\Documents\XCUBE\333\EWARM\333/List\333.map --config
#        C:\Users\Игорь\Documents\XCUBE\333\EWARM/stm32f100xb_flash.icf
#        --semihosting --entry __iar_program_start --vfe
#
###############################################################################

*******************************************************************************
*** RUNTIME MODEL ATTRIBUTES
***

CppFlavor                     = *
__Heap_Handler                = Basic
__SystemLibrary               = DLib
__dlib_dynamic_initialization = normal


*******************************************************************************
*** PLACEMENT SUMMARY
***

"A1":  place at 0x08000000 { ro section .intvec };
"P1":  place in [from 0x08000000 to 0x0801ffff] { ro };
"P2":  place in [from 0x20000000 to 0x20001fff] { rw, block CSTACK, block HEAP };

  Section             Kind        Address    Size  Object
  -------             ----        -------    ----  ------
"A1":                                       0x120
  .intvec             ro code  0x08000000   0x120  startup_stm32f100xb.o [1]
                             - 0x08000120   0x120

"P1":                                      0x44e1
  .text               ro code  0x08000120  0x114e  xprintffull.o [3]
  .text               ro code  0x0800126e    0x20  xmbtowc.o [3]
  .text               ro code  0x0800128e    0x22  zero_init3.o [5]
  .text               ro code  0x080012b0    0x16  strchr.o [5]
  .text               ro code  0x080012c6     0xa  xsprout.o [3]
  .text               ro code  0x080012d0    0x36  strlen.o [5]
  .text               ro code  0x08001308    0x58  memchr.o [5]
  .text               ro code  0x08001360     0xa  xmbcurmax.o [3]
  .text               ro code  0x0800136c    0xb0  xxmemxmalloc.o [3]
  .text               ro code  0x0800141c    0x1a  xwctomb.o [3]
  .text               ro code  0x08001438    0x76  ABImemcpy_unaligned.o [5]
  .text               ro code  0x080014b0    0x80  xxmemxfree.o [3]
  .text               ro code  0x08001530    0xee  I64DivMod.o [5]
  .text               ro code  0x0800161e    0x42  xdnorm.o [4]
  .text               ro code  0x08001660    0x2e  DblCmpLe.o [4]
  .text               ro code  0x08001690    0x2e  DblCmpGe.o [4]
  .text               ro code  0x080016c0   0x10c  xdscale.o [4]
  .text               ro code  0x080017cc    0x58  DblToI32.o [4]
  .text               ro code  0x08001824    0x30  I32ToDbl.o [4]
  .text               ro code  0x08001854   0x180  DblSub.o [4]
  .text               ro code  0x080019d4   0x1a2  DblMul.o [4]
  .text               ro code  0x08001b78   0x246  DblDiv.o [4]
  .text               ro code  0x08001dc0    0x6c  localeconv.o [3]
  .text               ro code  0x08001e2c     0xe  div.o [3]
  .text               ro code  0x08001e3c    0x14  setlocale.o [3]
  .text               ro code  0x08001e50    0x60  xencoding_sb.o [3]
  .text               ro code  0x08001eb0    0x2c  xgetmemchunk.o [3]
  .text               ro code  0x08001edc     0x2  I64DivZer.o [5]
  .text               ro code  0x08001ee0    0xe8  DblAdd.o [4]
  .text               ro code  0x08001fc8     0x2  xtls.o [3]
  .text               ro code  0x08001fcc   0x770  main.o [1]
  .text               ro code  0x0800273c    0x68  stm32f1xx_hal.o [1]
  .text               ro code  0x080027a4    0x24  printf.o [3]
  .text               ro code  0x080027c8   0x2ec  stm32f1xx_hal_uart.o [1]
  .text               ro code  0x08002ab4    0xd8  FltMul.o [4]
  .text               ro code  0x08002b8c    0x4e  FltToDbl.o [4]
  .text               ro code  0x08002bdc    0x44  round.o [4]
  .text               ro code  0x08002c20    0x90  DblToFlt.o [4]
  .text               ro code  0x08002cb0    0x34  sprintf.o [3]
  .text               ro code  0x08002ce4   0x554  stm32f1xx_hal_rcc.o [1]
  .text               ro code  0x08003238    0xf6  stm32f1xx_hal_cortex.o [1]
  .text               ro code  0x08003330    0xf4  stm32f1xx_hal_i2c.o [1]
  .text               ro code  0x08003424   0x1dc  stm32f1xx_hal_gpio.o [1]
  .text               ro code  0x08003600    0x1e  I32ToFlt.o [4]
  .text               ro code  0x08003620    0x84  FltAdd.o [4]
  .text               ro code  0x080036a4    0x24  FltCmpGe.o [4]
  .text               ro code  0x080036c8    0x24  FltCmpLe.o [4]
  .text               ro code  0x080036ec     0x6  log10.o [4]
  .text               ro code  0x080036f4   0x128  stm32f1xx_hal_msp.o [1]
  .text               ro code  0x0800381c    0x7e  xdint.o [4]
  .text               ro code  0x0800389c    0xd6  FltSub.o [4]
  .text               ro code  0x08003974   0x2d8  xlog.o [4]
  .text               ro code  0x08003c4c     0xc  errno.o [3]
  .text               ro code  0x08003c58    0xe0  XShHandles.o [3]
  .text               ro code  0x08003d38    0xd6  xfspos.o [3]
  .text               ro code  0x08003e10    0xb0  fflush.o [3]
  .text               ro code  0x08003ec0     0xc  xfgpos.o [3]
  .text               ro code  0x08003ecc    0x4c  lseek.o [6]
  .text               ro code  0x08003f18     0x4  xsyslock_nop.o [3]
  .text               ro code  0x08003f1c    0x10  write.o [6]
  .text               ro code  0x08003f2c    0x1e  dwrite.o [6]
  .text               ro code  0x08003f4a    0x20  iarwstd.o [6]
  .text               ro code  0x08003f6a    0x22  iarwrite.o [6]
  .text               ro code  0x08003f8c    0x6c  iarttio.o [6]
  .text               ro code  0x08003ff8     0x8  XShttio.o [3]
  .text               ro code  0x08004000    0xd2  packbits_init.o [5]
  .text               ro code  0x080040d2     0x6  abort.o [3]
  .text               ro code  0x080040d8    0x14  exit.o [6]
  .text               ro code  0x080040ec    0xb6  xfwprep.o [3]
  .text               ro code  0x080041a2    0x22  fseek.o [3]
  .text               ro code  0x080041c4    0x7c  xfofind.o [3]
  .text               ro code  0x08004240    0x7a  fclose.o [3]
  .text               ro code  0x080042ba    0x1a  close.o [6]
  .text               ro code  0x080042d4    0x16  remove.o [6]
  .text               ro code  0x080042ec    0x58  xcloseall.o [3]
  .text               ro code  0x08004344    0x56  fputc.o [3]
  .text               ro code  0x0800439c    0x50  system_stm32f1xx.o [1]
  .text               ro code  0x080043ec    0x28  data_init.o [5]
  .iar.init_table     const    0x08004414    0x2c  - Linker created -
  .text               ro code  0x08004440    0x1e  stm32f1xx_it.o [1]
  .text               ro code  0x08004460    0x1a  cmain.o [5]
  .text               ro code  0x0800447a     0x4  low_level_init.o [3]
  .text               ro code  0x0800447e     0x4  exit.o [3]
  .text               ro code  0x08004484     0xe  cexit.o [5]
  .text               ro code  0x08004492    0x16  xprout.o [3]
  .text               ro code  0x080044a8     0xc  putchar.o [3]
  .text               ro code  0x080044b4    0x10  startup_stm32f100xb.o [1]
  .text               ro code  0x080044c4     0xc  cstartup_M.o [5]
  .text               ro code  0x080044d0     0x4  startup_stm32f100xb.o [1]
  .text               ro code  0x080044d4     0x4  startup_stm32f100xb.o [1]
  .text               ro code  0x080044d8     0x4  startup_stm32f100xb.o [1]
  .text               ro code  0x080044dc     0x4  startup_stm32f100xb.o [1]
  .text               ro code  0x080044e0     0x4  startup_stm32f100xb.o [1]
  .text               ro code  0x080044e4     0x4  startup_stm32f100xb.o [1]
  .text               ro code  0x080044e8     0x4  startup_stm32f100xb.o [1]
  .text               ro code  0x080044ec     0x4  startup_stm32f100xb.o [1]
  .text               ro code  0x080044f0     0x4  startup_stm32f100xb.o [1]
  .text               ro code  0x080044f4     0x4  startup_stm32f100xb.o [1]
  .text               ro code  0x080044f8     0x4  startup_stm32f100xb.o [1]
  .text               ro code  0x080044fc     0x4  startup_stm32f100xb.o [1]
  .text               ro code  0x08004500     0x4  startup_stm32f100xb.o [1]
  .text               ro code  0x08004504     0x4  startup_stm32f100xb.o [1]
  .text               ro code  0x08004508     0x4  startup_stm32f100xb.o [1]
  .text               ro code  0x0800450c     0x4  startup_stm32f100xb.o [1]
  .text               ro code  0x08004510     0x4  startup_stm32f100xb.o [1]
  .text               ro code  0x08004514     0x4  startup_stm32f100xb.o [1]
  .text               ro code  0x08004518     0x4  startup_stm32f100xb.o [1]
  .text               ro code  0x0800451c     0x4  startup_stm32f100xb.o [1]
  .text               ro code  0x08004520     0x4  startup_stm32f100xb.o [1]
  .text               ro code  0x08004524     0x4  startup_stm32f100xb.o [1]
  .text               ro code  0x08004528     0x4  startup_stm32f100xb.o [1]
  .text               ro code  0x0800452c     0x4  startup_stm32f100xb.o [1]
  .text               ro code  0x08004530     0x4  startup_stm32f100xb.o [1]
  .text               ro code  0x08004534     0x4  startup_stm32f100xb.o [1]
  .text               ro code  0x08004538     0x4  startup_stm32f100xb.o [1]
  .text               ro code  0x0800453c     0x4  startup_stm32f100xb.o [1]
  .text               ro code  0x08004540     0x4  startup_stm32f100xb.o [1]
  .text               ro code  0x08004544     0x4  startup_stm32f100xb.o [1]
  .text               ro code  0x08004548     0x4  startup_stm32f100xb.o [1]
  .text               ro code  0x0800454c     0x4  startup_stm32f100xb.o [1]
  .text               ro code  0x08004550     0x4  startup_stm32f100xb.o [1]
  .text               ro code  0x08004554     0x4  startup_stm32f100xb.o [1]
  .text               ro code  0x08004558     0x4  startup_stm32f100xb.o [1]
  .text               ro code  0x0800455c     0x4  startup_stm32f100xb.o [1]
  .text               ro code  0x08004560     0x4  startup_stm32f100xb.o [1]
  .text               ro code  0x08004564     0x4  startup_stm32f100xb.o [1]
  .text               ro code  0x08004568     0x4  startup_stm32f100xb.o [1]
  .text               ro code  0x0800456c     0x4  startup_stm32f100xb.o [1]
  .text               ro code  0x08004570     0x4  startup_stm32f100xb.o [1]
  .text               ro code  0x08004574     0x0  cstart_closeall.o [5]
  .rodata             const    0x08004574     0x0  zero_init3.o [5]
  .rodata             const    0x08004574     0x0  packbits_init.o [5]
  Initializer bytes   ro data  0x08004574    0x8d  <for P2 s0>
                             - 0x08004601  0x44e1

"P2":                                       0x9d0
  P2 s0                        0x20000000   0x1ec  <Init block>
    __DLIB_PERTHREAD  inited   0x20000000    0x88  localeconv.o [3]
    __DLIB_PERTHREAD  inited   0x20000088    0x74  setlocale.o [3]
    .data             inited   0x200000fc    0x40  xfiles.o [3]
    .data             inited   0x2000013c    0x40  xfiles.o [3]
    .data             inited   0x2000017c    0x40  xfiles.o [3]
    .data             inited   0x200001bc    0x20  xfiles.o [3]
    .data             inited   0x200001dc     0x8  XShttio.o [3]
    .data             inited   0x200001e4     0x4  system_stm32f1xx.o [1]
    __DLIB_PERTHREAD  inited   0x200001e8     0x4  errno.o [3]
  .bss                zero     0x200001ec    0x80  XShHandles.o [3]
  .bss                zero     0x2000026c    0x78  main.o [1]
  .bss                zero     0x200002e4    0x50  xfiles.o [3]
  .bss                zero     0x20000334    0x50  xfiles.o [3]
  .bss                zero     0x20000384    0x3c  main.o [1]
  .bss                zero     0x200003c0     0x8  xxmemxmalloc.o [3]
  .bss                zero     0x200003c8     0x4  stm32f1xx_hal.o [1]
  .bss                zero     0x200003cc     0x4  xgetmemchunk.o [3]
  CSTACK                       0x200003d0   0x400  <Block>
    CSTACK            uninit   0x200003d0   0x400  <Block tail>
  HEAP                         0x200007d0   0x200  <Block>
    HEAP              uninit   0x200007d0   0x200  <Block tail>
                             - 0x200009d0   0x9d0


*******************************************************************************
*** INIT TABLE
***

          Address     Size
          -------     ----
Zero (__iar_zero_init3)
    1 destination range, total size 0x1e4:
          0x200001ec  0x1e4

Copy/packbits (__iar_packbits_init3)
    1 source range, total size 0x8d (28% of destination):
          0x08004574   0x8d
    1 destination range, total size 0x1ec:
          0x20000000  0x1ec



*******************************************************************************
*** MODULE SUMMARY
***

    Module                  ro code  ro data  rw data
    ------                  -------  -------  -------
C:\Users\Игорь\Documents\XCUBE\333\EWARM\333\Obj: [1]
    main.o                    1 904               180
    startup_stm32f100xb.o       468
    stm32f1xx_hal.o             104                 4
    stm32f1xx_hal_cortex.o      246
    stm32f1xx_hal_gpio.o        476
    stm32f1xx_hal_i2c.o         244
    stm32f1xx_hal_msp.o         296
    stm32f1xx_hal_rcc.o       1 364
    stm32f1xx_hal_uart.o        748
    stm32f1xx_it.o               30
    system_stm32f1xx.o           80        1        4
    -------------------------------------------------
    Total:                    5 960        1      188

command line: [2]
    -------------------------------------------------
    Total:

dl7M_tlf.a: [3]
    XShHandles.o                224               128
    XShttio.o                     8        2        8
    abort.o                       6
    div.o                        14
    errno.o                      12        2        4
    exit.o                        4
    fclose.o                    122
    fflush.o                    176
    fputc.o                      86
    fseek.o                      34
    localeconv.o                108       38      136
    low_level_init.o              4
    printf.o                     36
    putchar.o                    12
    setlocale.o                  20       34      116
    sprintf.o                    52
    xcloseall.o                  88
    xencoding_sb.o               96
    xfgpos.o                     12
    xfiles.o                              64      384
    xfofind.o                   124
    xfspos.o                    214
    xfwprep.o                   182
    xgetmemchunk.o               44                 4
    xmbcurmax.o                  10
    xmbtowc.o                    32
    xprintffull.o             4 430
    xprout.o                     22
    xsprout.o                    10
    xsyslock_nop.o                4
    xtls.o                        2
    xwctomb.o                    26
    xxmemxfree.o                128
    xxmemxmalloc.o              176                 8
    -------------------------------------------------
    Total:                    6 518      140      788

m7M_tl.a: [4]
    DblAdd.o                    232
    DblCmpGe.o                   46
    DblCmpLe.o                   46
    DblDiv.o                    582
    DblMul.o                    418
    DblSub.o                    384
    DblToFlt.o                  144
    DblToI32.o                   88
    FltAdd.o                    132
    FltCmpGe.o                   36
    FltCmpLe.o                   36
    FltMul.o                    216
    FltSub.o                    214
    FltToDbl.o                   78
    I32ToDbl.o                   48
    I32ToFlt.o                   30
    log10.o                       6
    round.o                      68
    xdint.o                     126
    xdnorm.o                     66
    xdscale.o                   268
    xlog.o                      728
    -------------------------------------------------
    Total:                    3 992

rt7M_tl.a: [5]
    ABImemcpy_unaligned.o       118
    I64DivMod.o                 238
    I64DivZer.o                   2
    cexit.o                      14
    cmain.o                      26
    cstart_closeall.o
    cstartup_M.o                 12
    data_init.o                  40
    memchr.o                     88
    packbits_init.o             210
    strchr.o                     22
    strlen.o                     54
    zero_init3.o                 34
    -------------------------------------------------
    Total:                      858

shb_l.a: [6]
    close.o                      26
    dwrite.o                     30
    exit.o                       20
    iarttio.o                   108
    iarwrite.o                   34
    iarwstd.o                    32
    lseek.o                      76
    remove.o                     22
    write.o                      16
    -------------------------------------------------
    Total:                      364

    Gaps                         44
    Linker created                        44    1 536
-----------------------------------------------------
    Grand Total:             17 736      185    2 512


*******************************************************************************
*** ENTRY LIST
***

Entry                      Address   Size  Type      Object
-----                      -------   ----  ----      ------
?main                   0x08004461         Code  Gb  cmain.o [5]
BusFault_Handler        0x08004447    0x2  Code  Gb  stm32f1xx_it.o [1]
CSTACK$$Base            0x200003d0          --   Gb  - Linker created -
CSTACK$$Limit           0x200007d0          --   Gb  - Linker created -
DebugMon_Handler        0x0800444d    0x2  Code  Gb  stm32f1xx_it.o [1]
HAL_Delay               0x08002787   0x18  Code  Wk  stm32f1xx_hal.o [1]
HAL_GPIO_Init           0x08003425  0x18a  Code  Gb  stm32f1xx_hal_gpio.o [1]
HAL_GPIO_ReadPin        0x080035af    0xe  Code  Gb  stm32f1xx_hal_gpio.o [1]
HAL_GPIO_WritePin       0x080035bd    0xe  Code  Gb  stm32f1xx_hal_gpio.o [1]
HAL_GetTick             0x08002781    0x6  Code  Wk  stm32f1xx_hal.o [1]
HAL_I2C_Init            0x08003331   0xa2  Code  Gb  stm32f1xx_hal_i2c.o [1]
HAL_I2C_MspInit         0x08003775   0x3a  Code  Gb  stm32f1xx_hal_msp.o [1]
HAL_IncTick             0x08002777    0xa  Code  Wk  stm32f1xx_hal.o [1]
HAL_Init                0x0800273d   0x16  Code  Gb  stm32f1xx_hal.o [1]
HAL_InitTick            0x08002753   0x24  Code  Wk  stm32f1xx_hal.o [1]
HAL_MspInit             0x080036f5   0x80  Code  Gb  stm32f1xx_hal_msp.o [1]
HAL_NVIC_SetPriority    0x080032d7   0x1e  Code  Gb  stm32f1xx_hal_cortex.o [1]
HAL_NVIC_SetPriorityGrouping
                        0x080032d5    0x2  Code  Gb  stm32f1xx_hal_cortex.o [1]
HAL_RCC_ClockConfig     0x08003065   0xe2  Code  Gb  stm32f1xx_hal_rcc.o [1]
HAL_RCC_GetHCLKFreq     0x0800319b   0x1e  Code  Gb  stm32f1xx_hal_rcc.o [1]
HAL_RCC_GetPCLK1Freq    0x080031b9   0x18  Code  Gb  stm32f1xx_hal_rcc.o [1]
HAL_RCC_GetPCLK2Freq    0x080031d1   0x18  Code  Gb  stm32f1xx_hal_rcc.o [1]
HAL_RCC_GetSysClockFreq
                        0x08003147   0x54  Code  Gb  stm32f1xx_hal_rcc.o [1]
HAL_RCC_OscConfig       0x08002ce5  0x380  Code  Gb  stm32f1xx_hal_rcc.o [1]
HAL_SYSTICK_CLKSourceConfig
                        0x080032f7   0x18  Code  Gb  stm32f1xx_hal_cortex.o [1]
HAL_SYSTICK_Callback    0x0800332d    0x2  Code  Wk  stm32f1xx_hal_cortex.o [1]
HAL_SYSTICK_Config      0x080032f5    0x2  Code  Gb  stm32f1xx_hal_cortex.o [1]
HAL_SYSTICK_IRQHandler  0x08003325    0x8  Code  Gb  stm32f1xx_hal_cortex.o [1]
HAL_UART_Init           0x080027c9   0x60  Code  Gb  stm32f1xx_hal_uart.o [1]
HAL_UART_MspInit        0x080037af   0x52  Code  Gb  stm32f1xx_hal_msp.o [1]
HAL_UART_Transmit       0x08002829   0xd4  Code  Gb  stm32f1xx_hal_uart.o [1]
HEAP$$Base              0x200007d0          --   Gb  - Linker created -
HEAP$$Limit             0x200009d0          --   Gb  - Linker created -
HardFault_Handler       0x08004443    0x2  Code  Gb  stm32f1xx_it.o [1]
I2C_Configure_Speed     0x080033dd   0x42  Code  Lc  stm32f1xx_hal_i2c.o [1]
InStream_Read           0x08004001   0x22  Code  Lc  packbits_init.o [5]
LoadInt                 0x08000751   0x6e  Code  Lc  xprintffull.o [3]
MX_GPIO_Init            0x08002213   0x2e  Code  Lc  main.o [1]
MX_I2C1_Init            0x0800219b   0x3e  Code  Lc  main.o [1]
MX_USART1_UART_Init     0x080021d9   0x3a  Code  Lc  main.o [1]
MemManage_Handler       0x08004445    0x2  Code  Gb  stm32f1xx_it.o [1]
NMI_Handler             0x08004441    0x2  Code  Gb  stm32f1xx_it.o [1]
NVIC_EncodePriority     0x08003277   0x36  Code  Lc  stm32f1xx_hal_cortex.o [1]
NVIC_GetPriorityGrouping
                        0x08003253    0xa  Code  Lc  stm32f1xx_hal_cortex.o [1]
NVIC_SetPriority        0x0800325d   0x1a  Code  Lc  stm32f1xx_hal_cortex.o [1]
NVIC_SetPriorityGrouping
                        0x08003239   0x1a  Code  Lc  stm32f1xx_hal_cortex.o [1]
PendSV_Handler          0x0800444f    0x2  Code  Gb  stm32f1xx_it.o [1]
Region$$Table$$Base     0x08004414          --   Gb  - Linker created -
Region$$Table$$Limit    0x08004440          --   Gb  - Linker created -
SHT10_CalcuDewPoint     0x080025af   0xae  Code  Gb  main.o [1]
SHT10_Calculate         0x08002521   0x8e  Code  Gb  main.o [1]
SHT10_ConReset          0x08002459   0x48  Code  Gb  main.o [1]
SHT10_Config            0x08002251   0x4a  Code  Gb  main.o [1]
SHT10_DATAIn            0x080022b9   0x1e  Code  Gb  main.o [1]
SHT10_DATAOut           0x0800229b   0x1e  Code  Gb  main.o [1]
SHT10_Dly               0x08002243    0xe  Code  Gb  main.o [1]
SHT10_Measure           0x080024a1   0x80  Code  Gb  main.o [1]
SHT10_ReadByte          0x0800235b   0x8a  Code  Gb  main.o [1]
SHT10_TransStart        0x080023e5   0x74  Code  Gb  main.o [1]
SHT10_WriteByte         0x080022dd   0x7e  Code  Gb  main.o [1]
SVC_Handler             0x0800444b    0x2  Code  Gb  stm32f1xx_it.o [1]
SysTick_Config          0x080032ad   0x28  Code  Lc  stm32f1xx_hal_cortex.o [1]
SysTick_Handler         0x08004451    0xe  Code  Gb  stm32f1xx_it.o [1]
SystemClock_Config      0x08002129   0x72  Code  Gb  main.o [1]
SystemCoreClock         0x200001e4    0x4  Data  Gb  system_stm32f1xx.o [1]
SystemInit              0x0800439d   0x3e  Code  Gb  system_stm32f1xx.o [1]
UART_SetConfig          0x080029c7   0xe6  Code  Lc  stm32f1xx_hal_uart.o [1]
UART_WaitOnFlagUntilTimeout
                        0x080028fd   0xca  Code  Lc  stm32f1xx_hal_uart.o [1]
UsageFault_Handler      0x08004449    0x2  Code  Gb  stm32f1xx_it.o [1]
_Close_all              0x080042ed   0x58  Code  Gb  xcloseall.o [3]
_EncodingSb_Mbtowc      0x08001e6b   0x30  Code  Gb  xencoding_sb.o [3]
_EncodingSb_Wctomb      0x08001e51   0x1a  Code  Gb  xencoding_sb.o [3]
_Error_Handler          0x08002241    0x2  Code  Gb  main.o [1]
_Files                  0x200001bc   0x20  Data  Gb  xfiles.o [3]
_Fofree                 0x080041c5   0x78  Code  Gb  xfofind.o [3]
_Fspos                  0x08003d39   0xd6  Code  Gb  xfspos.o [3]
_Fwprep                 0x080040ed   0xb6  Code  Gb  xfwprep.o [3]
_GenldFull              0x08000fdb  0x24c  Code  Lc  xprintffull.o [3]
_IsdstStr               0x2000008c    0x4  Data  Gb  setlocale.o [3]
_LdtobFull              0x08000bd9  0x3fc  Code  Lc  xprintffull.o [3]
_LitobFull              0x08000ad1  0x106  Code  Lc  xprintffull.o [3]
_LocaleEncoding         0x08001e3d    0xe  Code  Gb  setlocale.o [3]
_LocaleReturnString     0x200000ac   0x50  Data  Lc  setlocale.o [3]
_Locale_Profile         0x20000090   0x1c  Data  Gb  setlocale.o [3]
_Locale_aeabi_lconv     0x20000050   0x38  Data  Gb  localeconv.o [3]
_Locale_lconv           0x20000000   0x50  Data  Gb  localeconv.o [3]
_Mbtowc                 0x0800126f   0x20  Code  Gb  xmbtowc.o [3]
_Nnl                    0x08003ec1    0xc  Code  Gb  xfgpos.o [3]
_PrintfFull             0x08000121  0x618  Code  Gb  xprintffull.o [3]
_Prout                  0x08004493   0x16  Code  Gb  xprout.o [3]
_PutcharsFull           0x08001227   0x2e  Code  Lc  xprintffull.o [3]
_PutstrFull             0x080007bf  0x30c  Code  Lc  xprintffull.o [3]
_SProut                 0x080012c7    0xa  Code  Gb  xsprout.o [3]
_TzoneStr               0x20000088    0x4  Data  Gb  setlocale.o [3]
_Wctomb                 0x0800141d   0x1a  Code  Gb  xwctomb.o [3]
__aeabi_cdcmple         0x08001661         Code  Gb  DblCmpLe.o [4]
__aeabi_cdrcmple        0x08001691         Code  Gb  DblCmpGe.o [4]
__aeabi_cfcmple         0x080036c9         Code  Gb  FltCmpLe.o [4]
__aeabi_cfrcmple        0x080036a5         Code  Gb  FltCmpGe.o [4]
__aeabi_d2f             0x08002c21         Code  Gb  DblToFlt.o [4]
__aeabi_d2iz            0x080017cd         Code  Gb  DblToI32.o [4]
__aeabi_d2uiz           0x080017f9         Code  Gb  DblToI32.o [4]
__aeabi_dadd            0x08001ee1         Code  Gb  DblAdd.o [4]
__aeabi_ddiv            0x08001b79         Code  Gb  DblDiv.o [4]
__aeabi_dmul            0x080019d5         Code  Gb  DblMul.o [4]
__aeabi_dsub            0x08001855         Code  Gb  DblSub.o [4]
__aeabi_errno_addr      0x08003c4d    0x6  Code  Gb  errno.o [3]
__aeabi_f2d             0x08002b8d         Code  Gb  FltToDbl.o [4]
__aeabi_fadd            0x08003621         Code  Gb  FltAdd.o [4]
__aeabi_fmul            0x08002ab5         Code  Gb  FltMul.o [4]
__aeabi_i2d             0x08001825         Code  Gb  I32ToDbl.o [4]
__aeabi_ldiv0           0x08001edd         Code  Gb  I64DivZer.o [5]
__aeabi_ui2d            0x08001839         Code  Gb  I32ToDbl.o [4]
__aeabi_ui2f            0x08003601         Code  Gb  I32ToFlt.o [4]
__aeabi_uldivmod        0x08001531         Code  Gb  I64DivMod.o [5]
__as_entries_start      0xffffffff          --   Gb  command line/config [2]
__as_table_start        0xffffffff          --   Gb  command line/config [2]
__cexit_closeall        0x08004487         Code  Gb  cexit.o [5]
__close                 0x080042bb   0x1a  Code  Gb  close.o [6]
__cmain                 0x08004461         Code  Gb  cmain.o [5]
__cstart_closeall       0x08004574         Data  Gb  cstart_closeall.o [5]
__data_Aldata           0x200003c0    0x8  Data  Gb  xxmemxmalloc.o [3]
__data_GetMemChunk      0x08001eb1   0x2c  Code  Gb  xgetmemchunk.o [3]
__dwrite                0x08003f2d   0x1e  Code  Gb  dwrite.o [6]
__exit                  0x080040d9   0x14  Code  Gb  exit.o [6]
__iar_Dint              0x0800381d   0x7e  Code  Gb  xdint.o [4]
__iar_Dnorm             0x0800161f   0x42  Code  Gb  xdnorm.o [4]
__iar_Dscale            0x080016c1  0x10c  Code  Gb  xdscale.o [4]
__iar_Errno             0x200001e8    0x4  Data  Gb  errno.o [3]
__iar_Locale_lconv_init
                        0x08001dc1   0x3a  Code  Gb  localeconv.o [3]
__iar_Lockfilelock      0x08003f19    0x2  Code  Gb  xsyslock_nop.o [3]
__iar_Log               0x08003975  0x24c  Code  Gb  xlog.o [4]
__iar_Mbcurmax          0x08001361    0xa  Code  Gb  xmbcurmax.o [3]
__iar_Memchr            0x08001309         Code  Gb  memchr.o [5]
__iar_Stderr            0x2000017c   0x40  Data  Gb  xfiles.o [3]
__iar_Stdin             0x200000fc   0x40  Data  Gb  xfiles.o [3]
__iar_Stdout            0x2000013c   0x40  Data  Gb  xfiles.o [3]
__iar_Strchr            0x080012b1         Code  Gb  strchr.o [5]
__iar_Unlockfilelock    0x08003f1b    0x2  Code  Gb  xsyslock_nop.o [3]
__iar_close_ttio        0x08003f8d   0x2e  Code  Gb  iarttio.o [6]
__iar_d2uiz             0x08001805         Code  Gb  DblToI32.o [4]
__iar_dadd              0x08001ef5         Code  Gb  DblAdd.o [4]
__iar_data_init3        0x080043ed   0x28  Code  Gb  data_init.o [5]
__iar_dlib_perthread_access
                        0x08001fc9    0x2  Code  Gb  xtls.o [3]
__iar_dsub              0x08001869         Code  Gb  DblSub.o [4]
__iar_dsubStart         0x0800187b         Code  Gb  DblSub.o [4]
__iar_fadd              0x08003631         Code  Gb  FltAdd.o [4]
__iar_fsub              0x0800389d         Code  Gb  FltSub.o [4]
__iar_fsubStart         0x080038ad         Code  Gb  FltSub.o [4]
__iar_get_ttio          0x08003fbd   0x38  Code  Gb  iarttio.o [6]
__iar_lookup_ttioh      0x08003ff9    0x8  Code  Gb  XShttio.o [3]
__iar_packbits_init3    0x08004023   0xb0  Code  Gb  packbits_init.o [5]
__iar_program_start     0x080044c5         Code  Gb  cstartup_M.o [5]
__iar_sh_Discard        0x08003c59   0x44  Code  Gb  XShHandles.o [3]
__iar_sh_Move           0x08003ca3   0x4c  Code  Gb  XShHandles.o [3]
__iar_sh_Pos            0x08003cef   0x44  Code  Gb  XShHandles.o [3]
__iar_sh_stdout         0x08003f4b   0x20  Code  Gb  iarwstd.o [6]
__iar_sh_write          0x08003f6b   0x22  Code  Gb  iarwrite.o [6]
__iar_ttio_handles      0x200001dc    0x8  Data  Lc  XShttio.o [3]
__iar_ui2d              0x0800183d         Code  Gb  I32ToDbl.o [4]
__iar_ui2f              0x08003605         Code  Gb  I32ToFlt.o [4]
__iar_unaligned___aeabi_memcpy
                        0x08001439         Code  Gb  ABImemcpy_unaligned.o [5]
__iar_unaligned___aeabi_memcpy4
                        0x08001459         Code  Gb  ABImemcpy_unaligned.o [5]
__iar_unaligned___aeabi_memcpy8
                        0x08001459         Code  Gb  ABImemcpy_unaligned.o [5]
__iar_zero_init3        0x0800128f   0x22  Code  Gb  zero_init3.o [5]
__low_level_init        0x0800447b    0x4  Code  Gb  low_level_init.o [3]
__lseek                 0x08003ecd   0x4c  Code  Gb  lseek.o [6]
__vector_table          0x08000000         Data  Gb  startup_stm32f100xb.o [1]
__write                 0x08003f1d   0x10  Code  Gb  write.o [6]
_call_main              0x0800446d         Code  Gb  cmain.o [5]
_exit                   0x08004485         Code  Gb  cexit.o [5]
_main                   0x08004477         Code  Gb  cmain.o [5]
aAPBAHBPrescTable       0x08003228   0x10  Data  Gb  stm32f1xx_hal_rcc.o [1]
abort                   0x080040d3    0x6  Code  Gb  abort.o [3]
checksum                0x200002c0    0x1  Data  Gb  main.o [1]
dew_point               0x200002bc    0x4  Data  Gb  main.o [1]
div                     0x08001e2d    0xe  Code  Gb  div.o [3]
ebuf                    0x200002e4   0x50  Data  Lc  xfiles.o [3]
err                     0x2000026c    0x1  Data  Gb  main.o [1]
exit                    0x0800447f    0x4  Code  Gb  exit.o [3]
fclose                  0x08004241   0x7a  Code  Gb  fclose.o [3]
fflush                  0x08003e87   0x34  Code  Gb  fflush.o [3]
fflushOne               0x08003e11   0x76  Code  Lc  fflush.o [3]
fputc                   0x08004345   0x56  Code  Gb  fputc.o [3]
free                    0x080014b1   0x7a  Code  Gb  xxmemxfree.o [3]
fseek                   0x080041a3   0x22  Code  Gb  fseek.o [3]
hi2c1                   0x20000384   0x3c  Data  Gb  main.o [1]
huart1                  0x20000274   0x40  Data  Gb  main.o [1]
humi_val                0x2000026e    0x2  Data  Gb  main.o [1]
humi_val_real           0x200002b4    0x4  Data  Gb  main.o [1]
localeconv              0x08001dfb   0x16  Code  Gb  localeconv.o [3]
log10                   0x080036ed    0x6  Code  Gb  log10.o [4]
main                    0x08001fcd  0x15c  Code  Gb  main.o [1]
malloc                  0x0800136d   0xac  Code  Gb  xxmemxmalloc.o [3]
mass_h                  0x200002c4   0x10  Data  Gb  main.o [1]
mass_t                  0x200002d4   0x10  Data  Gb  main.o [1]
memchr                  0x08001309         Code  Gb  memchr.o [5]
obuf                    0x20000334   0x50  Data  Lc  xfiles.o [3]
printf                  0x080027a5   0x24  Code  Gb  printf.o [3]
putchar                 0x080044a9    0xc  Code  Gb  putchar.o [3]
remove                  0x080042d5   0x16  Code  Gb  remove.o [6]
round                   0x08002bdd   0x44  Code  Gb  round.o [4]
sFileInfo               0x200001ec   0x80  Data  Lc  XShHandles.o [3]
sprintf                 0x08002cb1   0x34  Code  Gb  sprintf.o [3]
strchr                  0x080012b1         Code  Gb  strchr.o [5]
strlen                  0x080012d1         Code  Gb  strlen.o [5]
temp_val                0x20000270    0x2  Data  Gb  main.o [1]
temp_val_real           0x200002b8    0x4  Data  Gb  main.o [1]
uwTick                  0x200003c8    0x4  Data  Lc  stm32f1xx_hal.o [1]


[1] = C:\Users\Игорь\Documents\XCUBE\333\EWARM\333\Obj
[2] = command line
[3] = dl7M_tlf.a
[4] = m7M_tl.a
[5] = rt7M_tl.a
[6] = shb_l.a

  17 736 bytes of readonly  code memory
     185 bytes of readonly  data memory
   2 512 bytes of readwrite data memory

Errors: none
Warnings: none
